[
  {
    "ell_over_ell_ext": 0.4,
    "ell": 0.30792014356780045,
    "omega_M": 0.002,
    "k_static": -0.0526815487326091,
    "raw_delta_real": -3.707006909372443e-05,
    "raw_delta_imag": -0.005328831741428288,
    "k_unsubtracted_real": -0.052718618801702824,
    "k_unsubtracted_imag": -0.005328831741428288,
    "window_fit_rms": 1.2092812707985499e-09,
    "window_max_residual": 1.6697969882027142e-09,
    "maximum_omega_r": 0.032,
    "source_transform_condition": 1.9999996957876744,
    "response_transform_condition": 2.0000261628427323
  },
  {
    "ell_over_ell_ext": 0.4,
    "ell": 0.30792014356780045,
    "omega_M": 0.004,
    "k_static": -0.0526815487326091,
    "raw_delta_real": -0.00014673560239207264,
    "raw_delta_imag": -0.010661012632264256,
    "k_unsubtracted_real": -0.052828284335001176,
    "k_unsubtracted_imag": -0.010661012632264256,
    "window_fit_rms": 6.976034712511696e-08,
    "window_max_residual": 9.632632236809013e-08,
    "maximum_omega_r": 0.064,
    "source_transform_condition": 1.9999996957876744,
    "response_transform_condition": 2.0000261628427323
  },
  {
    "ell_over_ell_ext": 0.4,
    "ell": 0.30792014356780045,
    "omega_M": 0.006,
    "k_static": -0.0526815487326091,
    "raw_delta_real": -0.0003151170630422196,
    "raw_delta_imag": -0.015999893639994198,
    "k_unsubtracted_real": -0.05299666579565132,
    "k_unsubtracted_imag": -0.015999893639994198,
    "window_fit_rms": 7.904292619509378e-07,
    "window_max_residual": 1.091438718894045e-06,
    "maximum_omega_r": 0.096,
    "source_transform_condition": 1.9999996957876744,
    "response_transform_condition": 2.0000261628427323
  }
]
