[
  {
    "ell_over_ell_ext": 0.8,
    "ell": 0.6158402871356009,
    "omega_M": 0.001,
    "k_static": -0.8880775921238983,
    "raw_delta_real": -3.94027133499875e-06,
    "raw_delta_imag": -0.0008940999711587756,
    "k_unsubtracted_real": -0.8880815323952332,
    "k_unsubtracted_imag": -0.0008940999711587756,
    "window_fit_rms": 7.52443233262097e-12,
    "window_max_residual": 1.0389869386976823e-11,
    "maximum_omega_r": 0.016,
    "source_transform_condition": 1.9999989729502625,
    "response_transform_condition": 2.000025809477053
  },
  {
    "ell_over_ell_ext": 0.8,
    "ell": 0.6158402871356009,
    "omega_M": 0.002,
    "k_static": -0.8880775921238983,
    "raw_delta_real": -1.573559168101262e-05,
    "raw_delta_imag": -0.0017884198955519298,
    "k_unsubtracted_real": -0.8880933277155793,
    "k_unsubtracted_imag": -0.0017884198955519298,
    "window_fit_rms": 1.13508048998672e-09,
    "window_max_residual": 1.5673392363829855e-09,
    "maximum_omega_r": 0.032,
    "source_transform_condition": 1.9999989729502625,
    "response_transform_condition": 2.000025809477053
  },
  {
    "ell_over_ell_ext": 0.8,
    "ell": 0.6158402871356009,
    "omega_M": 0.003,
    "k_static": -0.8880775921238983,
    "raw_delta_real": -3.517171770124305e-05,
    "raw_delta_imag": -0.002683179943028,
    "k_unsubtracted_real": -0.8881127638415995,
    "k_unsubtracted_imag": -0.002683179943028,
    "window_fit_rms": 1.2438667939538922e-08,
    "window_max_residual": 1.7175532908754866e-08,
    "maximum_omega_r": 0.048,
    "source_transform_condition": 1.9999989729502625,
    "response_transform_condition": 2.000025809477053
  },
  {
    "ell_over_ell_ext": 0.8,
    "ell": 0.6158402871356009,
    "omega_M": 0.004,
    "k_static": -0.8880775921238983,
    "raw_delta_real": -6.140324717237467e-05,
    "raw_delta_imag": -0.0035786000033225613,
    "k_unsubtracted_real": -0.8881389953710707,
    "k_unsubtracted_imag": -0.0035786000033225613,
    "window_fit_rms": 6.966535011698405e-08,
    "window_max_residual": 9.61951488174105e-08,
    "maximum_omega_r": 0.064,
    "source_transform_condition": 1.9999989729502625,
    "response_transform_condition": 2.000025809477053
  },
  {
    "ell_over_ell_ext": 0.8,
    "ell": 0.6158402871356009,
    "omega_M": 0.005,
    "k_static": -0.8880775921238983,
    "raw_delta_real": -9.223758759253191e-05,
    "raw_delta_imag": -0.0044749005500935015,
    "k_unsubtracted_real": -0.8881698297114908,
    "k_unsubtracted_imag": -0.0044749005500935015,
    "window_fit_rms": 2.6530808852964185e-07,
    "window_max_residual": 3.6634210573422044e-07,
    "maximum_omega_r": 0.08,
    "source_transform_condition": 1.9999989729502625,
    "response_transform_condition": 2.000025809477053
  },
  {
    "ell_over_ell_ext": 0.8,
    "ell": 0.6158402871356009,
    "omega_M": 0.006,
    "k_static": -0.8880775921238983,
    "raw_delta_real": -0.00012311818915242018,
    "raw_delta_imag": -0.0053723019931756,
    "k_unsubtracted_real": -0.8882007103130507,
    "k_unsubtracted_imag": -0.0053723019931756,
    "window_fit_rms": 7.915589778353425e-07,
    "window_max_residual": 1.0929986505880686e-06,
    "maximum_omega_r": 0.096,
    "source_transform_condition": 1.9999989729502625,
    "response_transform_condition": 2.000025809477053
  }
]
