[
  {
    "ell_over_ell_ext": 0.95,
    "ell": 0.731310340973526,
    "omega_M": 0.001,
    "k_static": -1.8245014942811597,
    "raw_delta_real": 1.1312139625517794e-06,
    "raw_delta_imag": -0.00013679824534522532,
    "k_unsubtracted_real": -1.8245003630671972,
    "k_unsubtracted_imag": -0.00013679824534522532,
    "window_fit_rms": 2.489378920927163e-11,
    "window_max_residual": 3.437378488195457e-11,
    "maximum_omega_r": 0.016,
    "source_transform_condition": 1.9999985394701365,
    "response_transform_condition": 2.0000256167966763
  },
  {
    "ell_over_ell_ext": 0.95,
    "ell": 0.731310340973526,
    "omega_M": 0.002,
    "k_static": -1.8245014942811597,
    "raw_delta_real": 4.5493110281772395e-06,
    "raw_delta_imag": -0.0002736724130689051,
    "k_unsubtracted_real": -1.8244969449701316,
    "k_unsubtracted_imag": -0.0002736724130689051,
    "window_fit_rms": 1.0646638219096877e-09,
    "window_max_residual": 1.470106654407871e-09,
    "maximum_omega_r": 0.032,
    "source_transform_condition": 1.9999985394701365,
    "response_transform_condition": 2.0000256167966763
  },
  {
    "ell_over_ell_ext": 0.95,
    "ell": 0.731310340973526,
    "omega_M": 0.003,
    "k_static": -1.8245014942811597,
    "raw_delta_real": 1.0464977495050464e-05,
    "raw_delta_imag": -0.00041069889951884193,
    "k_unsubtracted_real": -1.8244910293036647,
    "k_unsubtracted_imag": -0.00041069889951884193,
    "window_fit_rms": 1.2537697941816214e-08,
    "window_max_residual": 1.731227528914925e-08,
    "maximum_omega_r": 0.048,
    "source_transform_condition": 1.9999985394701365,
    "response_transform_condition": 2.0000256167966763
  },
  {
    "ell_over_ell_ext": 0.95,
    "ell": 0.731310340973526,
    "omega_M": 0.004,
    "k_static": -1.8245014942811597,
    "raw_delta_real": 1.9726099044852022e-05,
    "raw_delta_imag": -0.0005479532320681209,
    "k_unsubtracted_real": -1.8244817681821148,
    "k_unsubtracted_imag": -0.0005479532320681209,
    "window_fit_rms": 6.980112212573166e-08,
    "window_max_residual": 9.638262521080051e-08,
    "maximum_omega_r": 0.064,
    "source_transform_condition": 1.9999985394701365,
    "response_transform_condition": 2.0000256167966763
  },
  {
    "ell_over_ell_ext": 0.95,
    "ell": 0.731310340973526,
    "omega_M": 0.005,
    "k_static": -1.8245014942811597,
    "raw_delta_real": 3.452696340749462e-05,
    "raw_delta_imag": -0.000685511278403655,
    "k_unsubtracted_real": -1.8244669673177523,
    "k_unsubtracted_imag": -0.000685511278403655,
    "window_fit_rms": 2.657985157123629e-07,
    "window_max_residual": 3.6701929627072994e-07,
    "maximum_omega_r": 0.08,
    "source_transform_condition": 1.9999985394701365,
    "response_transform_condition": 2.0000256167966763
  },
  {
    "ell_over_ell_ext": 0.95,
    "ell": 0.731310340973526,
    "omega_M": 0.006,
    "k_static": -1.8245014942811597,
    "raw_delta_real": 5.9423027853225474e-05,
    "raw_delta_imag": -0.0008234505462909491,
    "k_unsubtracted_real": -1.8244420712533065,
    "k_unsubtracted_imag": -0.0008234505462909491,
    "window_fit_rms": 7.927714936182029e-07,
    "window_max_residual": 1.0946729138477442e-06,
    "maximum_omega_r": 0.096,
    "source_transform_condition": 1.9999985394701365,
    "response_transform_condition": 2.0000256167966763
  }
]
