Momega=0.0020  k=-1.57517488e-05-0.00427i  max(omega r)=0.032
Momega=0.0040  k=-6.17923766e-05-0.00854i  max(omega r)=0.064
Momega=0.0060  k=-0.000127246921-0.0128i  max(omega r)=0.096
Momega=0.0020  k=0.000837304494-0.0042i  max(omega r)=0.032
Momega=0.0040  k=0.00079057745-0.0084i  max(omega r)=0.064
Momega=0.0060  k=0.000723977052-0.0126i  max(omega r)=0.096
Momega=0.0020  k=0.00792924464-0.00399i  max(omega r)=0.032
Momega=0.0040  k=0.00788035278-0.00799i  max(omega r)=0.064
Momega=0.0060  k=0.00781013822-0.012i  max(omega r)=0.096
Momega=0.0020  k=0.0348460749-0.00366i  max(omega r)=0.032
Momega=0.0040  k=0.034793253-0.00733i  max(omega r)=0.064
Momega=0.0060  k=0.0347164782-0.011i  max(omega r)=0.096
Momega=0.0020  k=0.10418561-0.00322i  max(omega r)=0.032
Momega=0.0040  k=0.10412672-0.00645i  max(omega r)=0.064
Momega=0.0060  k=0.104039816-0.00967i  max(omega r)=0.096
Momega=0.0020  k=0.247473441-0.0027i  max(omega r)=0.032
Momega=0.0040  k=0.247406038-0.00539i  max(omega r)=0.064
Momega=0.0060  k=0.247304927-0.00809i  max(omega r)=0.096
Momega=0.0020  k=0.505013803-0.00211i  max(omega r)=0.032
Momega=0.0040  k=0.504935418-0.00423i  max(omega r)=0.064
Momega=0.0060  k=0.504815982-0.00634i  max(omega r)=0.096
Momega=0.0020  k=0.925643866-0.00151i  max(omega r)=0.032
Momega=0.0040  k=0.925552559-0.00301i  max(omega r)=0.064
Momega=0.0060  k=0.92541156-0.00452i  max(omega r)=0.096
Momega=0.0020  k=1.56635096-0.000917i  max(omega r)=0.032
Momega=0.0040  k=1.5662462-0.00184i  max(omega r)=0.064
Momega=0.0060  k=1.56608275-0.00276i  max(omega r)=0.096
Momega=0.0020  k=2.4917033-0.000396i  max(omega r)=0.032
Momega=0.0040  k=2.49158724-0.000793i  max(omega r)=0.064
Momega=0.0060  k=2.49140493-0.00119i  max(omega r)=0.096
Momega=0.0020  k=3.08317758-0.000179i  max(omega r)=0.032
Momega=0.0040  k=3.08305801-0.000359i  max(omega r)=0.064
Momega=0.0060  k=3.08286984-0.00054i  max(omega r)=0.096
Momega=0.0020  k=3.62672758-3.5e-05i  max(omega r)=0.032
Momega=0.0040  k=3.62660689-7.02e-05i  max(omega r)=0.064
Momega=0.0060  k=3.62641687-0.000106i  max(omega r)=0.096
/Users/vigneshwarisr/Desktop/Dynamical_TLN_RBH_FINAL/codes/metric_level/bardeen_polar_charge/codes/plot_bardeen_polar_charge_scan.py:56: UserWarning: This figure includes Axes that are not compatible with tight_layout, so results might be incorrect.
  fig.tight_layout()
