[
  {
    "ell_over_ell_ext": 0.5,
    "ell": 0.3849001794597505,
    "omega_M": 0.001,
    "k_static": -0.12982766841966684,
    "raw_delta_real": -8.585278634109524e-06,
    "raw_delta_imag": -0.0023385869020223025,
    "k_unsubtracted_real": -0.12983625369830096,
    "k_unsubtracted_imag": -0.0023385869020223025,
    "window_fit_rms": 5.342147151517344e-11,
    "window_max_residual": 7.376531366715815e-11,
    "maximum_omega_r": 0.016,
    "source_transform_condition": 1.9999995671301465,
    "response_transform_condition": 2.0000260964846337
  },
  {
    "ell_over_ell_ext": 0.5,
    "ell": 0.3849001794597505,
    "omega_M": 0.002,
    "k_static": -0.12982766841966684,
    "raw_delta_real": -3.43178723667913e-05,
    "raw_delta_imag": -0.004677562369445289,
    "k_unsubtracted_real": -0.12986198629203363,
    "k_unsubtracted_imag": -0.004677562369445289,
    "window_fit_rms": 1.189204016788772e-09,
    "window_max_residual": 1.6420739604155918e-09,
    "maximum_omega_r": 0.032,
    "source_transform_condition": 1.9999995671301465,
    "response_transform_condition": 2.0000260964846337
  },
  {
    "ell_over_ell_ext": 0.5,
    "ell": 0.3849001794597505,
    "omega_M": 0.003,
    "k_static": -0.12982766841966684,
    "raw_delta_real": -7.697997335317938e-05,
    "raw_delta_imag": -0.00701731503739138,
    "k_unsubtracted_real": -0.12990464839302002,
    "k_unsubtracted_imag": -0.00701731503739138,
    "window_fit_rms": 1.2545477582369678e-08,
    "window_max_residual": 1.732301755458834e-08,
    "maximum_omega_r": 0.048,
    "source_transform_condition": 1.9999995671301465,
    "response_transform_condition": 2.0000260964846337
  },
  {
    "ell_over_ell_ext": 0.5,
    "ell": 0.3849001794597505,
    "omega_M": 0.004,
    "k_static": -0.12982766841966684,
    "raw_delta_real": -0.00013572723385196254,
    "raw_delta_imag": -0.009358233628552693,
    "k_unsubtracted_real": -0.1299633956535188,
    "k_unsubtracted_imag": -0.009358233628552693,
    "window_fit_rms": 6.974915005625686e-08,
    "window_max_residual": 9.631086125724968e-08,
    "maximum_omega_r": 0.064,
    "source_transform_condition": 1.9999995671301465,
    "response_transform_condition": 2.0000260964846337
  },
  {
    "ell_over_ell_ext": 0.5,
    "ell": 0.3849001794597505,
    "omega_M": 0.005,
    "k_static": -0.12982766841966684,
    "raw_delta_real": -0.0002083667050944817,
    "raw_delta_imag": -0.011700707017583727,
    "k_unsubtracted_real": -0.1300360351247613,
    "k_unsubtracted_imag": -0.011700707017583727,
    "window_fit_rms": 2.651841536405222e-07,
    "window_max_residual": 3.6617097424523556e-07,
    "maximum_omega_r": 0.08,
    "source_transform_condition": 1.9999995671301465,
    "response_transform_condition": 2.0000260964846337
  },
  {
    "ell_over_ell_ext": 0.5,
    "ell": 0.3849001794597505,
    "omega_M": 0.006,
    "k_static": -0.12982766841966684,
    "raw_delta_real": -0.00029034718431000003,
    "raw_delta_imag": -0.014045124344834858,
    "k_unsubtracted_real": -0.13011801560397684,
    "k_unsubtracted_imag": -0.014045124344834858,
    "window_fit_rms": 7.906461430485398e-07,
    "window_max_residual": 1.0917381921534427e-06,
    "maximum_omega_r": 0.096,
    "source_transform_condition": 1.9999995671301465,
    "response_transform_condition": 2.0000260964846337
  }
]
