[
  {
    "ell_over_ell_ext": 0.0,
    "ell": 0.0,
    "omega_M": 0.001,
    "k_static": 0.0,
    "raw_delta_real": -1.0177772526303488e-05,
    "raw_delta_imag": -0.0032000886806473573,
    "k_unsubtracted_real": -1.0177772526303488e-05,
    "k_unsubtracted_imag": -0.0032000886806473573,
    "window_fit_rms": 3.301698265782858e-11,
    "window_max_residual": 4.5590434145898723e-11,
    "maximum_omega_r": 0.016,
    "source_transform_condition": 1.9999999166790479,
    "response_transform_condition": 2.000026280929018
  },
  {
    "ell_over_ell_ext": 0.0,
    "ell": 0.0,
    "omega_M": 0.002,
    "k_static": 0.0,
    "raw_delta_real": -4.0686730073191175e-05,
    "raw_delta_imag": -0.006400640091249701,
    "k_unsubtracted_real": -4.0686730073191175e-05,
    "k_unsubtracted_imag": -0.006400640091249701,
    "window_fit_rms": 1.1875378513365108e-09,
    "window_max_residual": 1.63977328965597e-09,
    "maximum_omega_r": 0.032,
    "source_transform_condition": 1.9999999166790479,
    "response_transform_condition": 2.000026280929018
  },
  {
    "ell_over_ell_ext": 0.0,
    "ell": 0.0,
    "omega_M": 0.003,
    "k_static": 0.0,
    "raw_delta_real": -9.1308963320323e-05,
    "raw_delta_imag": -0.009602117033797956,
    "k_unsubtracted_real": -9.1308963320323e-05,
    "k_unsubtracted_imag": -0.009602117033797956,
    "window_fit_rms": 1.2575530489048164e-08,
    "window_max_residual": 1.7364515140198903e-08,
    "maximum_omega_r": 0.048,
    "source_transform_condition": 1.9999999166790479,
    "response_transform_condition": 2.000026280929018
  },
  {
    "ell_over_ell_ext": 0.0,
    "ell": 0.0,
    "omega_M": 0.004,
    "k_static": 0.0,
    "raw_delta_real": -0.00016120015737034916,
    "raw_delta_imag": -0.012804982403317264,
    "k_unsubtracted_real": -0.00016120015737034916,
    "k_unsubtracted_imag": -0.012804982403317264,
    "window_fit_rms": 6.977392555292674e-08,
    "window_max_residual": 9.634507170167439e-08,
    "maximum_omega_r": 0.064,
    "source_transform_condition": 1.9999999166790479,
    "response_transform_condition": 2.000026280929018
  },
  {
    "ell_over_ell_ext": 0.0,
    "ell": 0.0,
    "omega_M": 0.005,
    "k_static": 0.0,
    "raw_delta_real": -0.00024816898278574244,
    "raw_delta_imag": -0.016009699284828115,
    "k_unsubtracted_real": -0.00024816898278574244,
    "k_unsubtracted_imag": -0.016009699284828115,
    "window_fit_rms": 2.6501730492237874e-07,
    "window_max_residual": 3.659405865811845e-07,
    "maximum_omega_r": 0.08,
    "source_transform_condition": 1.9999999166790479,
    "response_transform_condition": 2.000026280929018
  },
  {
    "ell_over_ell_ext": 0.0,
    "ell": 0.0,
    "omega_M": 0.006,
    "k_static": 0.0,
    "raw_delta_real": -0.0003476683669179321,
    "raw_delta_imag": -0.019216730971095716,
    "k_unsubtracted_real": -0.0003476683669179321,
    "k_unsubtracted_imag": -0.019216730971095716,
    "window_fit_rms": 7.899442270264234e-07,
    "window_max_residual": 1.0907689740831074e-06,
    "maximum_omega_r": 0.096,
    "source_transform_condition": 1.9999999166790479,
    "response_transform_condition": 2.000026280929018
  }
]
