{
  "schwarzschild": {
    "computed_frequency_M": 0.3728777201582686,
    "computed_damping_M": 0.08906554893556398,
    "relative_error": 0.0020843789011331807
  },
  "criterion": "A real-frequency maximum is QNM-resonance aligned when its nominal detuning from the fitted real QNM frequency is no larger than one damping width. Control fits test whether the classification is preserved. This is not a pole identification.",
  "cases": [
    {
      "model": "fan_wang",
      "ell_over_ell_ext": 0.6,
      "real_axis_peak_M": 0.50625,
      "ringdown_frequency_M": 0.43900967928323376,
      "ringdown_damping_M": 0.09521229155502595,
      "quality_factor": 2.3054254451460046,
      "peak_ringdown_separation": 0.06724032071676622,
      "linewidth_detuning": 0.7062147084014472,
      "robust_linewidth_detuning": 0.8459614695561034,
      "qnm_resonance_aligned": true,
      "controls_preserve_alignment": true,
      "maximum_control_shift": 0.01694853610999152,
      "fit_residual": 0.06594791805918071,
      "potential_peak_radius_M": 2.127563229190628,
      "schwarzschild_relative_error": 0.0020843789011331807
    },
    {
      "model": "fan_wang",
      "ell_over_ell_ext": 0.9,
      "real_axis_peak_M": 0.5375,
      "ringdown_frequency_M": 0.48622102662235034,
      "ringdown_damping_M": 0.08579249047884396,
      "quality_factor": 2.8337038819397034,
      "peak_ringdown_separation": 0.05127897337764964,
      "linewidth_detuning": 0.5977093460213141,
      "robust_linewidth_detuning": 0.6012192613167091,
      "qnm_resonance_aligned": true,
      "controls_preserve_alignment": true,
      "maximum_control_shift": 0.01668456805515638,
      "fit_residual": 0.08479088534107825,
      "potential_peak_radius_M": 1.5526753912428755,
      "schwarzschild_relative_error": 0.0020843789011331807
    },
    {
      "model": "fan_wang",
      "ell_over_ell_ext": 0.97,
      "real_axis_peak_M": 0.55,
      "ringdown_frequency_M": 0.5167890045535338,
      "ringdown_damping_M": 0.07674560334813584,
      "quality_factor": 3.3668964866251634,
      "peak_ringdown_separation": 0.03321099544646622,
      "linewidth_detuning": 0.43274134279475857,
      "robust_linewidth_detuning": 0.5328516390096864,
      "qnm_resonance_aligned": true,
      "controls_preserve_alignment": true,
      "maximum_control_shift": 0.01288299500948997,
      "fit_residual": 0.0891481308758873,
      "potential_peak_radius_M": 1.378915690541979,
      "schwarzschild_relative_error": 0.0020843789011331807
    },
    {
      "model": "hayward",
      "ell_over_ell_ext": 0.6,
      "real_axis_peak_M": 0.4875,
      "ringdown_frequency_M": 0.36462341105158086,
      "ringdown_damping_M": 0.08364944880331567,
      "quality_factor": 2.1794728851645946,
      "peak_ringdown_separation": 0.12287658894841913,
      "linewidth_detuning": 1.4689467857383969,
      "robust_linewidth_detuning": 1.4689467857383969,
      "qnm_resonance_aligned": false,
      "controls_preserve_alignment": true,
      "maximum_control_shift": 0.009816312305590697,
      "fit_residual": 0.0302992293099573,
      "potential_peak_radius_M": 2.766417375744082,
      "schwarzschild_relative_error": 0.0020843789011331807
    },
    {
      "model": "hayward",
      "ell_over_ell_ext": 0.9,
      "real_axis_peak_M": 0.60625,
      "ringdown_frequency_M": 0.37444323670471114,
      "ringdown_damping_M": 0.07505248844760308,
      "quality_factor": 2.4945424492228785,
      "peak_ringdown_separation": 0.23180676329528882,
      "linewidth_detuning": 3.0885953029674917,
      "robust_linewidth_detuning": 3.4312764597918113,
      "qnm_resonance_aligned": false,
      "controls_preserve_alignment": true,
      "maximum_control_shift": 0.012631952478389046,
      "fit_residual": 0.05617223884397195,
      "potential_peak_radius_M": 2.522692692357602,
      "schwarzschild_relative_error": 0.0020843789011331807
    },
    {
      "model": "hayward",
      "ell_over_ell_ext": 0.97,
      "real_axis_peak_M": 0.6125,
      "ringdown_frequency_M": 0.3784217747652361,
      "ringdown_damping_M": 0.07471285714330643,
      "quality_factor": 2.5325077184465505,
      "peak_ringdown_separation": 0.23407822523476396,
      "linewidth_detuning": 3.133038063124523,
      "robust_linewidth_detuning": 3.614598833331166,
      "qnm_resonance_aligned": false,
      "controls_preserve_alignment": true,
      "maximum_control_shift": 0.01903200534199565,
      "fit_residual": 0.06901213215511143,
      "potential_peak_radius_M": 2.438725962217316,
      "schwarzschild_relative_error": 0.0020843789011331807
    }
  ],
  "any_qnm_resonance_aligned": true
}
