{
  "definition": "Direct reconstructed h0 response/source ratio in the pure gravitational-source sector; physical odd EM source nu=Phi/(4 sqrt(L_F)); independently recovered static baseline; no Schwarzschild subtraction",
  "controlled_range": "Momega<=0.006",
  "models": {
    "hayward": {
      "maximum_window_residual": 1.0949116544542363e-06,
      "maximum_em_source_abs": 2.010699415441723e-15,
      "maximum_grav_source_error": 9.565974336450906e-15,
      "maximum_source_transform_condition": 33.94112549695425,
      "maximum_response_transform_condition": 8.485156186188302
    },
    "fan_wang": {
      "maximum_window_residual": 1.0907926957573854e-06,
      "maximum_em_source_abs": 2.4046518324426962e-14,
      "maximum_grav_source_error": 3.126388037344441e-13,
      "maximum_source_transform_condition": 113.84196787575456,
      "maximum_response_transform_condition": 28.460180426406836
    }
  }
}
