bardeen   polar q=0.50 Momega=0.002 cg=-6.1004894e-01+2.6956543e-03i ce=-2.3032400e-01+1.6338455e-03i
bardeen   polar q=0.50 Momega=0.004 cg=-6.0998153e-01+5.3931823e-03i ce=-2.3043713e-01+3.2687293e-03i
bardeen   polar q=0.80 Momega=0.002 cg=-2.3414333e-01+9.1730369e-04i ce=-1.9952750e+00+9.1067195e-04i
bardeen   polar q=0.80 Momega=0.004 cg=-2.3403857e-01+1.8355585e-03i ce=-1.9954806e+00+1.8222237e-03i
bardeen   polar q=0.95 Momega=0.002 cg=-1.1313896e-01+1.7946194e-04i ce=-4.5060601e+00+2.1539655e-04i
bardeen   polar q=0.95 Momega=0.004 cg=-1.1301939e-01+3.5932075e-04i ce=-4.5065145e+00+4.3125378e-04i
hayward   polar q=0.50 Momega=0.002 cg=-3.7884943e-01+2.9556386e-03i ce=-3.6339010e-01-3.5042798e-04i
hayward   polar q=0.50 Momega=0.004 cg=-3.7889396e-01+5.9133540e-03i ce=-3.6339588e-01-7.0109717e-04i
hayward   polar q=0.80 Momega=0.002 cg=+6.1414449e-01+1.2288927e-03i ce=-1.4966039e+00-2.3667283e-04i
hayward   polar q=0.80 Momega=0.004 cg=+6.1394632e-01+2.4591349e-03i ce=-1.4966718e+00-4.7360374e-04i
hayward   polar q=0.95 Momega=0.002 cg=+1.3196718e+00+3.1285976e-04i ce=-2.5173760e+00-7.2477141e-05i
hayward   polar q=0.95 Momega=0.004 cg=+1.3193610e+00+6.2652475e-04i ce=-2.5175003e+00-1.4514121e-04i
fan_wang  polar q=0.50 Momega=0.002 cg=-2.3750057e+00+1.0009893e-03i ce=+1.0748700e-01-4.4832001e-05i
fan_wang  polar q=0.50 Momega=0.004 cg=-2.3750377e+00+2.0026388e-03i ce=+1.0748855e-01-8.9693594e-05i
fan_wang  polar q=0.80 Momega=0.002 cg=-3.4700626e+00+1.9156994e-04i ce=+2.4588087e-01-1.3531209e-05i
fan_wang  polar q=0.80 Momega=0.004 cg=-3.4701703e+00+3.8330582e-04i ce=+2.4588904e-01-2.7074165e-05i
fan_wang  polar q=0.95 Momega=0.002 cg=-4.0958900e+00+2.5041918e-05i ce=+3.4221651e-01-2.0902685e-06i
fan_wang  polar q=0.95 Momega=0.004 cg=-4.0960475e+00+5.0126319e-05i ce=+3.4223083e-01-4.1841129e-06i
bardeen   axial q=0.50 Momega=0.002 cg=-2.8160073e-02-4.6775624e-03i ce=+2.0773660e-01+2.3244346e-03i
bardeen   axial q=0.50 Momega=0.004 cg=-2.8261482e-02-9.3582336e-03i ce=+2.0769549e-01+4.6504865e-03i
bardeen   axial q=0.80 Momega=0.002 cg=-2.2159084e-01-1.7884199e-03i ce=+1.1692732e+00+1.2185509e-03i
bardeen   axial q=0.80 Momega=0.004 cg=-2.2163651e-01-3.5786000e-03i ce=+1.1691731e+00+2.4383387e-03i
bardeen   axial q=0.95 Momega=0.002 cg=-4.9912595e-01-2.7367241e-04i ce=+2.3312017e+00+2.0278286e-04i
bardeen   axial q=0.95 Momega=0.004 cg=-4.9911077e-01-5.4795323e-04i ce=+2.3310187e+00+4.0602137e-04i
hayward   axial q=0.50 Momega=0.002 cg=+3.9812258e-02-5.2653689e-03i ce=+4.3404406e-02+1.2790709e-04i
hayward   axial q=0.50 Momega=0.004 cg=+3.9692847e-02-1.0534297e-02i ce=+4.3409441e-02+2.5590380e-04i
hayward   axial q=0.80 Momega=0.002 cg=+2.6503186e-01-2.7923099e-03i ce=+1.7718623e-01+9.5330261e-05i
hayward   axial q=0.80 Momega=0.004 cg=+2.6493023e-01-5.5875479e-03i ce=+1.7718875e-01+1.9076301e-04i
hayward   axial q=0.95 Momega=0.002 cg=+5.3328741e-01-7.5533407e-04i ce=+2.9596918e-01+2.8346458e-05i
hayward   axial q=0.95 Momega=0.004 cg=+5.3321977e-01-1.5126014e-03i ce=+2.9596717e-01+5.6766255e-05i
fan_wang  axial q=0.50 Momega=0.002 cg=+2.8299899e-01-1.1590835e-03i ce=+4.8588379e-02+4.0470835e-05i
fan_wang  axial q=0.50 Momega=0.004 cg=+2.8296590e-01-2.3189147e-03i ce=+4.8589157e-02+8.0967772e-05i
fan_wang  axial q=0.80 Momega=0.002 cg=+1.2029823e+00-1.0714133e-04i ce=+2.3502213e-01+5.2713412e-06i
fan_wang  axial q=0.80 Momega=0.004 cg=+1.2029776e+00-2.1437532e-04i ce=+2.3502278e-01+1.0547187e-05i
fan_wang  axial q=0.95 Momega=0.002 cg=+2.0505331e+00-3.3462341e-06i ce=+4.2265867e-01+1.8510094e-07i
fan_wang  axial q=0.95 Momega=0.004 cg=+2.0505403e+00-6.6984427e-06i ce=+4.2266075e-01+3.6990246e-07i
